25/09/30 12:39:11 WARN Utils: Your hostname, Jays-MacBook-Pro-2.local resolves to a loopback address: 127.0.0.1; using 10.2.208.45 instead (on interface en0)
25/09/30 12:39:11 WARN Utils: Set SPARK_LOCAL_IP if you need to bind to another address
:: loading settings :: url = jar:file:/opt/homebrew/Cellar/apache-spark1/3.5.6/jars/ivy-2.5.1.jar!/org/apache/ivy/core/settings/ivysettings.xml
Ivy Default Cache set to: /Users/jaypatel/.ivy2/cache
The jars for the packages stored in: /Users/jaypatel/.ivy2/jars
org.apache.spark#spark-sql-kafka-0-10_2.12 added as a dependency
:: resolving dependencies :: org.apache.spark#spark-submit-parent-f01c5926-403d-4b4d-9444-6ed1e2acdbfd;1.0
	confs: [default]
	found org.apache.spark#spark-sql-kafka-0-10_2.12;3.5.6 in central
	found org.apache.spark#spark-token-provider-kafka-0-10_2.12;3.5.6 in central
	found org.apache.kafka#kafka-clients;3.4.1 in central
	found org.lz4#lz4-java;1.8.0 in central
	found org.xerial.snappy#snappy-java;1.1.10.5 in central
	found org.slf4j#slf4j-api;2.0.7 in central
	found org.apache.hadoop#hadoop-client-runtime;3.3.4 in central
	found org.apache.hadoop#hadoop-client-api;3.3.4 in central
	found commons-logging#commons-logging;1.1.3 in central
	found com.google.code.findbugs#jsr305;3.0.0 in central
	found org.apache.commons#commons-pool2;2.11.1 in central
:: resolution report :: resolve 1141ms :: artifacts dl 42ms
	:: modules in use:
	com.google.code.findbugs#jsr305;3.0.0 from central in [default]
	commons-logging#commons-logging;1.1.3 from central in [default]
	org.apache.commons#commons-pool2;2.11.1 from central in [default]
	org.apache.hadoop#hadoop-client-api;3.3.4 from central in [default]
	org.apache.hadoop#hadoop-client-runtime;3.3.4 from central in [default]
	org.apache.kafka#kafka-clients;3.4.1 from central in [default]
	org.apache.spark#spark-sql-kafka-0-10_2.12;3.5.6 from central in [default]
	org.apache.spark#spark-token-provider-kafka-0-10_2.12;3.5.6 from central in [default]
	org.lz4#lz4-java;1.8.0 from central in [default]
	org.slf4j#slf4j-api;2.0.7 from central in [default]
	org.xerial.snappy#snappy-java;1.1.10.5 from central in [default]
	---------------------------------------------------------------------
	|                  |            modules            ||   artifacts   |
	|       conf       | number| search|dwnlded|evicted|| number|dwnlded|
	---------------------------------------------------------------------
	|      default     |   11  |   0   |   0   |   0   ||   11  |   0   |
	---------------------------------------------------------------------
:: retrieving :: org.apache.spark#spark-submit-parent-f01c5926-403d-4b4d-9444-6ed1e2acdbfd
	confs: [default]
	0 artifacts copied, 11 already retrieved (0kB/32ms)
25/09/30 12:39:13 WARN NativeCodeLoader: Unable to load native-hadoop library for your platform... using builtin-java classes where applicable
Setting default log level to "WARN".
To adjust logging level use sc.setLogLevel(newLevel). For SparkR, use setLogLevel(newLevel).
INFO:py4j.java_gateway:Callback Server Starting
INFO:py4j.java_gateway:Socket listening on ('127.0.0.1', 63139)
25/09/30 12:42:26 ERROR MicroBatchExecution: Query [id = f670c457-cde1-4d44-a066-d9a1b717db06, runId = f8c6ad66-c6ad-446d-b43f-decb7bd67b9f] terminated with error
java.util.concurrent.ExecutionException: org.apache.kafka.common.errors.TimeoutException: Timed out waiting for a node assignment. Call: describeTopics
	at java.util.concurrent.CompletableFuture.reportGet(CompletableFuture.java:357)
	at java.util.concurrent.CompletableFuture.get(CompletableFuture.java:1908)
	at org.apache.kafka.common.internals.KafkaFutureImpl.get(KafkaFutureImpl.java:165)
	at org.apache.spark.sql.kafka010.ConsumerStrategy.retrieveAllPartitions(ConsumerStrategy.scala:66)
	at org.apache.spark.sql.kafka010.ConsumerStrategy.retrieveAllPartitions$(ConsumerStrategy.scala:65)
	at org.apache.spark.sql.kafka010.SubscribeStrategy.retrieveAllPartitions(ConsumerStrategy.scala:102)
	at org.apache.spark.sql.kafka010.SubscribeStrategy.assignedTopicPartitions(ConsumerStrategy.scala:113)
	at org.apache.spark.sql.kafka010.KafkaOffsetReaderAdmin.$anonfun$partitionsAssignedToAdmin$1(KafkaOffsetReaderAdmin.scala:499)
	at org.apache.spark.sql.kafka010.KafkaOffsetReaderAdmin.withRetries(KafkaOffsetReaderAdmin.scala:518)
	at org.apache.spark.sql.kafka010.KafkaOffsetReaderAdmin.partitionsAssignedToAdmin(KafkaOffsetReaderAdmin.scala:498)
	at org.apache.spark.sql.kafka010.KafkaOffsetReaderAdmin.fetchLatestOffsets(KafkaOffsetReaderAdmin.scala:297)
	at org.apache.spark.sql.kafka010.KafkaMicroBatchStream.$anonfun$getOrCreateInitialPartitionOffsets$1(KafkaMicroBatchStream.scala:246)
	at scala.Option.getOrElse(Option.scala:189)
	at org.apache.spark.sql.kafka010.KafkaMicroBatchStream.getOrCreateInitialPartitionOffsets(KafkaMicroBatchStream.scala:241)
	at org.apache.spark.sql.kafka010.KafkaMicroBatchStream.initialOffset(KafkaMicroBatchStream.scala:98)
	at org.apache.spark.sql.execution.streaming.MicroBatchExecution.$anonfun$getStartOffset$2(MicroBatchExecution.scala:457)
	at scala.Option.getOrElse(Option.scala:189)
	at org.apache.spark.sql.execution.streaming.MicroBatchExecution.getStartOffset(MicroBatchExecution.scala:457)
	at org.apache.spark.sql.execution.streaming.MicroBatchExecution.$anonfun$constructNextBatch$4(MicroBatchExecution.scala:491)
	at org.apache.spark.sql.execution.streaming.ProgressReporter.reportTimeTaken(ProgressReporter.scala:427)
	at org.apache.spark.sql.execution.streaming.ProgressReporter.reportTimeTaken$(ProgressReporter.scala:425)
	at org.apache.spark.sql.execution.streaming.StreamExecution.reportTimeTaken(StreamExecution.scala:67)
	at org.apache.spark.sql.execution.streaming.MicroBatchExecution.$anonfun$constructNextBatch$2(MicroBatchExecution.scala:490)
	at scala.collection.TraversableLike.$anonfun$map$1(TraversableLike.scala:286)
	at scala.collection.Iterator.foreach(Iterator.scala:943)
	at scala.collection.Iterator.foreach$(Iterator.scala:943)
	at scala.collection.AbstractIterator.foreach(Iterator.scala:1431)
	at scala.collection.IterableLike.foreach(IterableLike.scala:74)
	at scala.collection.IterableLike.foreach$(IterableLike.scala:73)
	at scala.collection.AbstractIterable.foreach(Iterable.scala:56)
	at scala.collection.TraversableLike.map(TraversableLike.scala:286)
	at scala.collection.TraversableLike.map$(TraversableLike.scala:279)
	at scala.collection.AbstractTraversable.map(Traversable.scala:108)
	at org.apache.spark.sql.execution.streaming.MicroBatchExecution.$anonfun$constructNextBatch$1(MicroBatchExecution.scala:479)
	at scala.runtime.java8.JFunction0$mcZ$sp.apply(JFunction0$mcZ$sp.java:23)
	at org.apache.spark.sql.execution.streaming.MicroBatchExecution.withProgressLocked(MicroBatchExecution.scala:810)
	at org.apache.spark.sql.execution.streaming.MicroBatchExecution.constructNextBatch(MicroBatchExecution.scala:475)
	at org.apache.spark.sql.execution.streaming.MicroBatchExecution.$anonfun$runActivatedStream$2(MicroBatchExecution.scala:268)
	at scala.runtime.java8.JFunction0$mcV$sp.apply(JFunction0$mcV$sp.java:23)
	at org.apache.spark.sql.execution.streaming.ProgressReporter.reportTimeTaken(ProgressReporter.scala:427)
	at org.apache.spark.sql.execution.streaming.ProgressReporter.reportTimeTaken$(ProgressReporter.scala:425)
	at org.apache.spark.sql.execution.streaming.StreamExecution.reportTimeTaken(StreamExecution.scala:67)
	at org.apache.spark.sql.execution.streaming.MicroBatchExecution.$anonfun$runActivatedStream$1(MicroBatchExecution.scala:249)
	at org.apache.spark.sql.execution.streaming.ProcessingTimeExecutor.execute(TriggerExecutor.scala:67)
	at org.apache.spark.sql.execution.streaming.MicroBatchExecution.runActivatedStream(MicroBatchExecution.scala:239)
	at org.apache.spark.sql.execution.streaming.StreamExecution.$anonfun$runStream$1(StreamExecution.scala:311)
	at scala.runtime.java8.JFunction0$mcV$sp.apply(JFunction0$mcV$sp.java:23)
	at org.apache.spark.sql.SparkSession.withActive(SparkSession.scala:900)
	at org.apache.spark.sql.execution.streaming.StreamExecution.org$apache$spark$sql$execution$streaming$StreamExecution$$runStream(StreamExecution.scala:289)
	at org.apache.spark.sql.execution.streaming.StreamExecution$$anon$1.$anonfun$run$1(StreamExecution.scala:211)
	at scala.runtime.java8.JFunction0$mcV$sp.apply(JFunction0$mcV$sp.java:23)
	at org.apache.spark.JobArtifactSet$.withActiveJobArtifactState(JobArtifactSet.scala:94)
	at org.apache.spark.sql.execution.streaming.StreamExecution$$anon$1.run(StreamExecution.scala:211)
Caused by: org.apache.kafka.common.errors.TimeoutException: Timed out waiting for a node assignment. Call: describeTopics
25/09/30 12:42:26 ERROR MicroBatchExecution: Query [id = 8928e1c1-1ce1-4c09-9b01-21a5f1d8a3bf, runId = f737f988-5b60-4b78-9b89-b25a81fbebf9] terminated with error
java.util.concurrent.ExecutionException: org.apache.kafka.common.errors.TimeoutException: Timed out waiting for a node assignment. Call: describeTopics
	at java.util.concurrent.CompletableFuture.reportGet(CompletableFuture.java:357)
	at java.util.concurrent.CompletableFuture.get(CompletableFuture.java:1908)
	at org.apache.kafka.common.internals.KafkaFutureImpl.get(KafkaFutureImpl.java:165)
	at org.apache.spark.sql.kafka010.ConsumerStrategy.retrieveAllPartitions(ConsumerStrategy.scala:66)
	at org.apache.spark.sql.kafka010.ConsumerStrategy.retrieveAllPartitions$(ConsumerStrategy.scala:65)
	at org.apache.spark.sql.kafka010.SubscribeStrategy.retrieveAllPartitions(ConsumerStrategy.scala:102)
	at org.apache.spark.sql.kafka010.SubscribeStrategy.assignedTopicPartitions(ConsumerStrategy.scala:113)
	at org.apache.spark.sql.kafka010.KafkaOffsetReaderAdmin.$anonfun$partitionsAssignedToAdmin$1(KafkaOffsetReaderAdmin.scala:499)
	at org.apache.spark.sql.kafka010.KafkaOffsetReaderAdmin.withRetries(KafkaOffsetReaderAdmin.scala:518)
	at org.apache.spark.sql.kafka010.KafkaOffsetReaderAdmin.partitionsAssignedToAdmin(KafkaOffsetReaderAdmin.scala:498)
	at org.apache.spark.sql.kafka010.KafkaOffsetReaderAdmin.fetchLatestOffsets(KafkaOffsetReaderAdmin.scala:297)
	at org.apache.spark.sql.kafka010.KafkaMicroBatchStream.$anonfun$getOrCreateInitialPartitionOffsets$1(KafkaMicroBatchStream.scala:246)
	at scala.Option.getOrElse(Option.scala:189)
	at org.apache.spark.sql.kafka010.KafkaMicroBatchStream.getOrCreateInitialPartitionOffsets(KafkaMicroBatchStream.scala:241)
	at org.apache.spark.sql.kafka010.KafkaMicroBatchStream.initialOffset(KafkaMicroBatchStream.scala:98)
	at org.apache.spark.sql.execution.streaming.MicroBatchExecution.$anonfun$getStartOffset$2(MicroBatchExecution.scala:457)
	at scala.Option.getOrElse(Option.scala:189)
	at org.apache.spark.sql.execution.streaming.MicroBatchExecution.getStartOffset(MicroBatchExecution.scala:457)
	at org.apache.spark.sql.execution.streaming.MicroBatchExecution.$anonfun$constructNextBatch$4(MicroBatchExecution.scala:491)
	at org.apache.spark.sql.execution.streaming.ProgressReporter.reportTimeTaken(ProgressReporter.scala:427)
	at org.apache.spark.sql.execution.streaming.ProgressReporter.reportTimeTaken$(ProgressReporter.scala:425)
	at org.apache.spark.sql.execution.streaming.StreamExecution.reportTimeTaken(StreamExecution.scala:67)
	at org.apache.spark.sql.execution.streaming.MicroBatchExecution.$anonfun$constructNextBatch$2(MicroBatchExecution.scala:490)
	at scala.collection.TraversableLike.$anonfun$map$1(TraversableLike.scala:286)
	at scala.collection.Iterator.foreach(Iterator.scala:943)
	at scala.collection.Iterator.foreach$(Iterator.scala:943)
	at scala.collection.AbstractIterator.foreach(Iterator.scala:1431)
	at scala.collection.IterableLike.foreach(IterableLike.scala:74)
	at scala.collection.IterableLike.foreach$(IterableLike.scala:73)
	at scala.collection.AbstractIterable.foreach(Iterable.scala:56)
	at scala.collection.TraversableLike.map(TraversableLike.scala:286)
	at scala.collection.TraversableLike.map$(TraversableLike.scala:279)
	at scala.collection.AbstractTraversable.map(Traversable.scala:108)
	at org.apache.spark.sql.execution.streaming.MicroBatchExecution.$anonfun$constructNextBatch$1(MicroBatchExecution.scala:479)
	at scala.runtime.java8.JFunction0$mcZ$sp.apply(JFunction0$mcZ$sp.java:23)
	at org.apache.spark.sql.execution.streaming.MicroBatchExecution.withProgressLocked(MicroBatchExecution.scala:810)
	at org.apache.spark.sql.execution.streaming.MicroBatchExecution.constructNextBatch(MicroBatchExecution.scala:475)
	at org.apache.spark.sql.execution.streaming.MicroBatchExecution.$anonfun$runActivatedStream$2(MicroBatchExecution.scala:268)
	at scala.runtime.java8.JFunction0$mcV$sp.apply(JFunction0$mcV$sp.java:23)
	at org.apache.spark.sql.execution.streaming.ProgressReporter.reportTimeTaken(ProgressReporter.scala:427)
	at org.apache.spark.sql.execution.streaming.ProgressReporter.reportTimeTaken$(ProgressReporter.scala:425)
	at org.apache.spark.sql.execution.streaming.StreamExecution.reportTimeTaken(StreamExecution.scala:67)
	at org.apache.spark.sql.execution.streaming.MicroBatchExecution.$anonfun$runActivatedStream$1(MicroBatchExecution.scala:249)
	at org.apache.spark.sql.execution.streaming.ProcessingTimeExecutor.execute(TriggerExecutor.scala:67)
	at org.apache.spark.sql.execution.streaming.MicroBatchExecution.runActivatedStream(MicroBatchExecution.scala:239)
	at org.apache.spark.sql.execution.streaming.StreamExecution.$anonfun$runStream$1(StreamExecution.scala:311)
	at scala.runtime.java8.JFunction0$mcV$sp.apply(JFunction0$mcV$sp.java:23)
	at org.apache.spark.sql.SparkSession.withActive(SparkSession.scala:900)
	at org.apache.spark.sql.execution.streaming.StreamExecution.org$apache$spark$sql$execution$streaming$StreamExecution$$runStream(StreamExecution.scala:289)
	at org.apache.spark.sql.execution.streaming.StreamExecution$$anon$1.$anonfun$run$1(StreamExecution.scala:211)
	at scala.runtime.java8.JFunction0$mcV$sp.apply(JFunction0$mcV$sp.java:23)
	at org.apache.spark.JobArtifactSet$.withActiveJobArtifactState(JobArtifactSet.scala:94)
	at org.apache.spark.sql.execution.streaming.StreamExecution$$anon$1.run(StreamExecution.scala:211)
Caused by: org.apache.kafka.common.errors.TimeoutException: Timed out waiting for a node assignment. Call: describeTopics
ERROR:__main__:Error in streaming process: [STREAM_FAILED] Query [id = 8928e1c1-1ce1-4c09-9b01-21a5f1d8a3bf, runId = f737f988-5b60-4b78-9b89-b25a81fbebf9] terminated with exception: org.apache.kafka.common.errors.TimeoutException: Timed out waiting for a node assignment. Call: describeTopics
🚀 Starting Twitter Emotion Analysis Consumer...
📊 Features: Real-time emotion detection, MongoDB storage, trend analysis
🎭 Emotions: Joy, Anger, Fear, Sadness, Disgust, Surprise, Trust, Anticipation
======================================================================
INFO:py4j.clientserver:Closing down clientserver connection
